// Vitest Snapshot v1, https://vitest.dev/guide/snapshot.html

exports[`should be able to create a store 1`] = `
{
  "@@observable": [Function],
  "dispatch": [Function],
  "getState": [Function],
  "replaceReducer": [Function],
  "subscribe": [Function],
}
`;
